// Jest Snapshot v1, https://goo.gl/fbAQLP

exports[`TestComponents renders correctly 1`] = `
<div>
  <div>
    TestComponents
  </div>
</div>
`;
